server.ts(117,18): error TS2769: No overload matches this call.
  Overload 1 of 6, '(port: number, hostname: string, backlog: number, callback?: () => void): Server<typeof IncomingMessage, typeof ServerResponse>', gave the following error.
    Argument of type 'string | 8085' is not assignable to parameter of type 'number'.
      Type 'string' is not assignable to type 'number'.
  Overload 2 of 6, '(port: number, hostname: string, callback?: () => void): Server<typeof IncomingMessage, typeof ServerResponse>', gave the following error.
    Argument of type 'string | 8085' is not assignable to parameter of type 'number'.
      Type 'string' is not assignable to type 'number'.
src/App.tsx(38,10): error TS2339: Property 'state' does not exist on type 'ErrorBoundary'.
src/App.tsx(50,14): error TS2339: Property 'state' does not exist on type 'ErrorBoundary'.
src/App.tsx(53,40): error TS2339: Property 'state' does not exist on type 'ErrorBoundary'.
src/App.tsx(74,17): error TS2339: Property 'props' does not exist on type 'ErrorBoundary'.
src/components/dashboards/ResultManagement.tsx(205,7): error TS2322: Type 'unknown' is not assignable to type 'number'.
src/components/dashboards/ResultManagement.tsx(205,65): error TS2365: Operator '+' cannot be applied to types 'unknown' and 'unknown'.
src/components/dashboards/ResultManagement.tsx(243,33): error TS2339: Property 'ca1' does not exist on type 'unknown'.
src/components/dashboards/ResultManagement.tsx(244,33): error TS2339: Property 'ca2' does not exist on type 'unknown'.
src/components/dashboards/ResultManagement.tsx(245,33): error TS2339: Property 'ca3' does not exist on type 'unknown'.
src/components/dashboards/ResultManagement.tsx(246,26): error TS2339: Property 'cas' does not exist on type 'unknown'.
src/components/dashboards/ResultManagement.tsx(247,34): error TS2339: Property 'exam' does not exist on type 'unknown'.
src/components/dashboards/ResultManagement.tsx(248,37): error TS2339: Property 'caTotal' does not exist on type 'unknown'.
src/components/dashboards/ResultManagement.tsx(249,40): error TS2339: Property 'finalScore' does not exist on type 'unknown'.
src/components/dashboards/ResultManagement.tsx(250,28): error TS2339: Property 'grade' does not exist on type 'unknown'.
src/components/dashboards/ResultManagement.tsx(251,29): error TS2339: Property 'remark' does not exist on type 'unknown'.
src/components/dashboards/ResultManagement.tsx(252,35): error TS2339: Property 'finalScore' does not exist on type 'unknown'.
src/components/dashboards/ResultManagement.tsx(255,32): error TS2339: Property 'createdAt' does not exist on type 'unknown'.
src/components/dashboards/ResultManagement.tsx(260,36): error TS2339: Property 'id' does not exist on type 'unknown'.
src/components/dashboards/SchoolAnnouncements.tsx(43,31): error TS2503: Cannot find namespace 'React'.
src/components/dashboards/SchoolClasses.tsx(82,36): error TS2503: Cannot find namespace 'React'.
src/components/dashboards/SchoolClasses.tsx(103,38): error TS2503: Cannot find namespace 'React'.
src/components/dashboards/SchoolClasses.tsx(151,37): error TS2503: Cannot find namespace 'React'.
src/components/dashboards/SchoolClasses.tsx(171,39): error TS2503: Cannot find namespace 'React'.
src/components/dashboards/SchoolManagement.tsx(123,36): error TS2503: Cannot find namespace 'React'.
src/components/dashboards/SchoolManagement.tsx(253,36): error TS2503: Cannot find namespace 'React'.
src/components/dashboards/SchoolSettings.tsx(18,34): error TS2503: Cannot find namespace 'React'.
src/components/dashboards/StudentAssignments.tsx(42,34): error TS2503: Cannot find namespace 'React'.
src/components/dashboards/SuperAdminDashboard.tsx(62,37): error TS2503: Cannot find namespace 'React'.
src/components/dashboards/TeacherAssignments.tsx(92,44): error TS2503: Cannot find namespace 'React'.
src/components/dashboards/TeacherAssignments.tsx(133,43): error TS2503: Cannot find namespace 'React'.
src/components/dashboards/TeacherDashboard.tsx(91,38): error TS2503: Cannot find namespace 'React'.
src/components/dashboards/TeacherQuizzes.tsx(92,38): error TS2503: Cannot find namespace 'React'.
src/components/dashboards/TeacherResultWorkspace.tsx(205,7): error TS2322: Type 'unknown' is not assignable to type 'number'.
src/components/dashboards/TeacherResultWorkspace.tsx(205,65): error TS2365: Operator '+' cannot be applied to types 'unknown' and 'unknown'.
src/components/dashboards/TeacherResultWorkspace.tsx(247,11): error TS2322: Type 'unknown' is not assignable to type 'number'.
src/components/dashboards/TeacherResultWorkspace.tsx(247,67): error TS2365: Operator '+' cannot be applied to types 'unknown' and 'unknown'.
src/components/ErrorBoundary.tsx(51,17): error TS2339: Property 'props' does not exist on type 'ErrorBoundary'.
